// Jest Snapshot v1, https://goo.gl/fbAQLP

exports[`Annotation component renders correctly 1`] = `
<span
  onClick={[Function]}
  onMouseOut={[Function]}
  onMouseOver={[Function]}
  role="presentation"
  style={
    Object {
      "backgroundColor": "#71bed6",
      "cursor": "pointer",
    }
  }
>
  text
</span>
`;
